000 (7032681.000.000) 03/30 22:46:12 Job submitted from host: <172.21.0.15:37501?addrs=172.21.0.15-37501>
...
001 (7032681.000.000) 03/30 22:46:14 Job executing on host: <172.20.1.43:42471?addrs=172.20.1.43-42471>
...
007 (7032681.000.000) 03/30 22:46:15 Shadow exception!
	Error from slot1@9005@raven342.bullx: Failed to execute '/home/c1320229/non-GR/nonGR_IMRPhenomD.py': (errno=8: 'Exec format error')
	0  -  Run Bytes Sent By Job
	0  -  Run Bytes Received By Job
...
012 (7032681.000.000) 03/30 22:46:15 Job was held.
	Error from slot1@9005@raven342.bullx: Failed to execute '/home/c1320229/non-GR/nonGR_IMRPhenomD.py': (errno=8: 'Exec format error')
	Code 6 Subcode 8
...
009 (7032681.000.000) 04/03 09:16:47 Job was aborted by the user.
	via condor_rm (by user c1320229)
...
000 (7056871.000.000) 04/03 21:57:44 Job submitted from host: <172.21.0.15:37501?addrs=172.21.0.15-37501>
...
001 (7056871.000.000) 04/03 21:59:05 Job executing on host: <172.20.1.47:42637?addrs=172.20.1.47-42637>
...
007 (7056871.000.000) 04/03 21:59:05 Shadow exception!
	Error from slot1@45756@raven346.bullx: Failed to execute '/home/c1320229/non-GR/nonGR_IMRPhenomPv2.py': (errno=8: 'Exec format error')
	0  -  Run Bytes Sent By Job
	0  -  Run Bytes Received By Job
...
012 (7056871.000.000) 04/03 21:59:10 Job was held.
	Error from slot1@45756@raven346.bullx: Failed to execute '/home/c1320229/non-GR/nonGR_IMRPhenomPv2.py': (errno=8: 'Exec format error')
	Code 6 Subcode 8
...
000 (7070121.000.000) 04/05 14:39:57 Job submitted from host: <172.21.0.15:37501?addrs=172.21.0.15-37501>
...
001 (7070121.000.000) 04/05 14:42:01 Job executing on host: <172.20.0.78:57372?addrs=172.20.0.78-57372>
...
006 (7070121.000.000) 04/05 14:42:10 Image size of job updated: 3
	4  -  MemoryUsage of job (MB)
	3496  -  ResidentSetSize of job (KB)
...
006 (7070121.000.000) 04/05 14:42:32 Image size of job updated: 626776
	4  -  MemoryUsage of job (MB)
	3496  -  ResidentSetSize of job (KB)
...
005 (7070121.000.000) 04/05 14:42:33 Job terminated.
	(1) Normal termination (return value 1)
		Usr 0 00:00:01, Sys 0 00:00:00  -  Run Remote Usage
		Usr 0 00:00:00, Sys 0 00:00:00  -  Run Local Usage
		Usr 0 00:00:01, Sys 0 00:00:00  -  Total Remote Usage
		Usr 0 00:00:00, Sys 0 00:00:00  -  Total Local Usage
	0  -  Run Bytes Sent By Job
	0  -  Run Bytes Received By Job
	0  -  Total Bytes Sent By Job
	0  -  Total Bytes Received By Job
	Partitionable Resources :    Usage  Request Allocated
	   Cpus                 :                 1         1
	   Disk (KB)            :        3        3    607035
	   Memory (MB)          :        4        1         1
...
009 (7056871.000.000) 04/05 14:46:33 Job was aborted by the user.
	via condor_rm (by user c1320229)
...
000 (7070162.000.000) 04/05 14:51:54 Job submitted from host: <172.21.0.15:37501?addrs=172.21.0.15-37501>
...
001 (7070162.000.000) 04/05 14:52:24 Job executing on host: <172.20.0.92:40540?addrs=172.20.0.92-40540>
...
006 (7070162.000.000) 04/05 14:52:32 Image size of job updated: 253092
	19  -  MemoryUsage of job (MB)
	19248  -  ResidentSetSize of job (KB)
...
006 (7070162.000.000) 04/05 14:53:00 Image size of job updated: 532664
	19  -  MemoryUsage of job (MB)
	19248  -  ResidentSetSize of job (KB)
...
005 (7070162.000.000) 04/05 14:53:16 Job terminated.
	(1) Normal termination (return value 1)
		Usr 0 00:00:00, Sys 0 00:00:00  -  Run Remote Usage
		Usr 0 00:00:00, Sys 0 00:00:00  -  Run Local Usage
		Usr 0 00:00:00, Sys 0 00:00:00  -  Total Remote Usage
		Usr 0 00:00:00, Sys 0 00:00:00  -  Total Local Usage
	0  -  Run Bytes Sent By Job
	0  -  Run Bytes Received By Job
	0  -  Total Bytes Sent By Job
	0  -  Total Bytes Received By Job
	Partitionable Resources :    Usage  Request Allocated
	   Cpus                 :                 1         1
	   Disk (KB)            :        3        3    605020
	   Memory (MB)          :       19        1         1
...
000 (7070416.000.000) 04/05 15:52:07 Job submitted from host: <172.21.0.15:37501?addrs=172.21.0.15-37501>
...
001 (7070416.000.000) 04/05 15:53:34 Job executing on host: <172.20.1.43:47337?addrs=172.20.1.43-47337>
...
006 (7070416.000.000) 04/05 15:53:43 Image size of job updated: 296396
	26  -  MemoryUsage of job (MB)
	25812  -  ResidentSetSize of job (KB)
...
006 (7070416.000.000) 04/05 15:54:12 Image size of job updated: 534196
	26  -  MemoryUsage of job (MB)
	25812  -  ResidentSetSize of job (KB)
...
005 (7070416.000.000) 04/05 15:54:25 Job terminated.
	(1) Normal termination (return value 1)
		Usr 0 00:00:00, Sys 0 00:00:00  -  Run Remote Usage
		Usr 0 00:00:00, Sys 0 00:00:00  -  Run Local Usage
		Usr 0 00:00:00, Sys 0 00:00:00  -  Total Remote Usage
		Usr 0 00:00:00, Sys 0 00:00:00  -  Total Local Usage
	0  -  Run Bytes Sent By Job
	0  -  Run Bytes Received By Job
	0  -  Total Bytes Sent By Job
	0  -  Total Bytes Received By Job
	Partitionable Resources :    Usage  Request Allocated
	   Cpus                 :                 1         1
	   Disk (KB)            :        3        3    599370
	   Memory (MB)          :       26        1         1
...
000 (7070633.000.000) 04/05 16:27:53 Job submitted from host: <172.21.0.15:37501?addrs=172.21.0.15-37501>
...
001 (7070633.000.000) 04/05 16:30:17 Job executing on host: <172.20.0.76:56239?addrs=172.20.0.76-56239>
...
006 (7070633.000.000) 04/05 16:30:26 Image size of job updated: 289816
	25  -  MemoryUsage of job (MB)
	25348  -  ResidentSetSize of job (KB)
...
006 (7070633.000.000) 04/05 16:30:53 Image size of job updated: 1032492
	25  -  MemoryUsage of job (MB)
	25348  -  ResidentSetSize of job (KB)
...
005 (7070633.000.000) 04/05 16:30:57 Job terminated.
	(1) Normal termination (return value 1)
		Usr 0 00:00:00, Sys 0 00:00:00  -  Run Remote Usage
		Usr 0 00:00:00, Sys 0 00:00:00  -  Run Local Usage
		Usr 0 00:00:00, Sys 0 00:00:00  -  Total Remote Usage
		Usr 0 00:00:00, Sys 0 00:00:00  -  Total Local Usage
	0  -  Run Bytes Sent By Job
	0  -  Run Bytes Received By Job
	0  -  Total Bytes Sent By Job
	0  -  Total Bytes Received By Job
	Partitionable Resources :    Usage  Request Allocated
	   Cpus                 :                 1         1
	   Disk (KB)            :        3        3    608385
	   Memory (MB)          :       25        1         1
...
000 (7074424.000.000) 04/09 15:31:08 Job submitted from host: <172.21.0.15:37501?addrs=172.21.0.15-37501>
...
001 (7074424.000.000) 04/09 15:31:21 Job executing on host: <172.20.1.37:37758?addrs=172.20.1.37-37758>
...
007 (7074424.000.000) 04/09 15:31:21 Shadow exception!
	Error from slot1@36192@raven336.bullx: Failed to execute '/home/c1320229/non-GR/GR_nGR_match.py': (errno=13: 'Permission denied')
	0  -  Run Bytes Sent By Job
	0  -  Run Bytes Received By Job
...
012 (7074424.000.000) 04/09 15:31:21 Job was held.
	Error from slot1@36192@raven336.bullx: Failed to execute '/home/c1320229/non-GR/GR_nGR_match.py': (errno=13: 'Permission denied')
	Code 6 Subcode 13
...
009 (7074424.000.000) 04/09 15:47:13 Job was aborted by the user.
	via condor_rm (by user c1320229)
...
000 (7074443.000.000) 04/09 15:48:18 Job submitted from host: <172.21.0.15:37501?addrs=172.21.0.15-37501>
...
001 (7074443.000.000) 04/09 15:48:23 Job executing on host: <172.20.1.54:34517?addrs=172.20.1.54-34517>
...
006 (7074443.000.000) 04/09 15:48:31 Image size of job updated: 164564
	5  -  MemoryUsage of job (MB)
	5004  -  ResidentSetSize of job (KB)
...
006 (7074443.000.000) 04/09 15:49:18 Image size of job updated: 1080276
	5  -  MemoryUsage of job (MB)
	5004  -  ResidentSetSize of job (KB)
...
005 (7074443.000.000) 04/09 15:49:18 Job terminated.
	(1) Normal termination (return value 1)
		Usr 0 00:00:44, Sys 0 00:00:01  -  Run Remote Usage
		Usr 0 00:00:00, Sys 0 00:00:00  -  Run Local Usage
		Usr 0 00:00:44, Sys 0 00:00:01  -  Total Remote Usage
		Usr 0 00:00:00, Sys 0 00:00:00  -  Total Local Usage
	0  -  Run Bytes Sent By Job
	0  -  Run Bytes Received By Job
	0  -  Total Bytes Sent By Job
	0  -  Total Bytes Received By Job
	Partitionable Resources :    Usage  Request Allocated
	   Cpus                 :                12        12
	   Disk (KB)            :        4        4    610171
	   Memory (MB)          :        5        1         1
...
000 (7074444.000.000) 04/09 15:51:43 Job submitted from host: <172.21.0.15:37501?addrs=172.21.0.15-37501>
...
001 (7074444.000.000) 04/09 15:51:56 Job executing on host: <172.20.1.54:34517?addrs=172.20.1.54-34517>
...
006 (7074444.000.000) 04/09 15:52:04 Image size of job updated: 3
	4  -  MemoryUsage of job (MB)
	3496  -  ResidentSetSize of job (KB)
...
006 (7074444.000.000) 04/09 15:57:04 Image size of job updated: 1086500
	98  -  MemoryUsage of job (MB)
	99844  -  ResidentSetSize of job (KB)
...
006 (7074444.000.000) 04/09 16:02:04 Image size of job updated: 1086500
	98  -  MemoryUsage of job (MB)
	100200  -  ResidentSetSize of job (KB)
...
006 (7074444.000.000) 04/09 16:07:05 Image size of job updated: 1086756
	99  -  MemoryUsage of job (MB)
	100428  -  ResidentSetSize of job (KB)
...
006 (7074444.000.000) 04/09 16:12:05 Image size of job updated: 1086756
	99  -  MemoryUsage of job (MB)
	100616  -  ResidentSetSize of job (KB)
...
006 (7074444.000.000) 04/09 16:17:05 Image size of job updated: 1086756
	99  -  MemoryUsage of job (MB)
	100744  -  ResidentSetSize of job (KB)
...
004 (7074444.000.000) 04/09 16:20:19 Job was evicted.
	(0) Job was not checkpointed.
		Usr 0 01:04:51, Sys 0 00:00:05  -  Run Remote Usage
		Usr 0 00:00:00, Sys 0 00:00:00  -  Run Local Usage
	0  -  Run Bytes Sent By Job
	0  -  Run Bytes Received By Job
	Partitionable Resources :    Usage  Request Allocated
	   Cpus                 :                12        12
	   Disk (KB)            :        3        3    610170
	   Memory (MB)          :       99        1         1
...
009 (7074444.000.000) 04/09 16:20:19 Job was aborted by the user.
	via condor_rm (by user c1320229)
...
000 (7074469.000.000) 04/09 16:23:53 Job submitted from host: <172.21.0.15:37501?addrs=172.21.0.15-37501>
...
001 (7074469.000.000) 04/09 16:23:57 Job executing on host: <172.20.1.54:34517?addrs=172.20.1.54-34517>
...
006 (7074469.000.000) 04/09 16:24:05 Image size of job updated: 4
	4  -  MemoryUsage of job (MB)
	3496  -  ResidentSetSize of job (KB)
...
006 (7074469.000.000) 04/09 16:24:29 Image size of job updated: 1080016
	4  -  MemoryUsage of job (MB)
	3496  -  ResidentSetSize of job (KB)
...
005 (7074469.000.000) 04/09 16:24:29 Job terminated.
	(1) Normal termination (return value 1)
		Usr 0 00:00:57, Sys 0 00:00:01  -  Run Remote Usage
		Usr 0 00:00:00, Sys 0 00:00:00  -  Run Local Usage
		Usr 0 00:00:57, Sys 0 00:00:01  -  Total Remote Usage
		Usr 0 00:00:00, Sys 0 00:00:00  -  Total Local Usage
	0  -  Run Bytes Sent By Job
	0  -  Run Bytes Received By Job
	0  -  Total Bytes Sent By Job
	0  -  Total Bytes Received By Job
	Partitionable Resources :    Usage  Request Allocated
	   Cpus                 :                12        12
	   Disk (KB)            :        4        4    610165
	   Memory (MB)          :        4        1         1
...
000 (7081716.000.000) 04/12 20:30:20 Job submitted from host: <172.21.0.15:37501?addrs=172.21.0.15-37501>
...
001 (7081716.000.000) 04/12 20:30:29 Job executing on host: <172.20.1.27:53487?addrs=172.20.1.27-53487>
...
006 (7081716.000.000) 04/12 20:30:38 Image size of job updated: 1283660
	41  -  MemoryUsage of job (MB)
	41404  -  ResidentSetSize of job (KB)
...
006 (7081716.000.000) 04/12 20:30:50 Image size of job updated: 1654840
	41  -  MemoryUsage of job (MB)
	41404  -  ResidentSetSize of job (KB)
...
005 (7081716.000.000) 04/12 20:30:50 Job terminated.
	(1) Normal termination (return value 1)
		Usr 0 00:00:01, Sys 0 00:00:01  -  Run Remote Usage
		Usr 0 00:00:00, Sys 0 00:00:00  -  Run Local Usage
		Usr 0 00:00:01, Sys 0 00:00:01  -  Total Remote Usage
		Usr 0 00:00:00, Sys 0 00:00:00  -  Total Local Usage
	0  -  Run Bytes Sent By Job
	0  -  Run Bytes Received By Job
	0  -  Total Bytes Sent By Job
	0  -  Total Bytes Received By Job
	Partitionable Resources :    Usage  Request Allocated
	   Cpus                 :                12        12
	   Disk (KB)            :        4        4    610181
	   Memory (MB)          :       41        1         1
...
000 (7081717.000.000) 04/12 20:33:50 Job submitted from host: <172.21.0.15:37501?addrs=172.21.0.15-37501>
...
001 (7081717.000.000) 04/12 20:34:01 Job executing on host: <172.20.1.27:53487?addrs=172.20.1.27-53487>
...
006 (7081717.000.000) 04/12 20:34:08 Image size of job updated: 898768
	0  -  MemoryUsage of job (MB)
	0  -  ResidentSetSize of job (KB)
...
005 (7081717.000.000) 04/12 20:34:08 Job terminated.
	(1) Normal termination (return value 1)
		Usr 0 00:00:00, Sys 0 00:00:01  -  Run Remote Usage
		Usr 0 00:00:00, Sys 0 00:00:00  -  Run Local Usage
		Usr 0 00:00:00, Sys 0 00:00:01  -  Total Remote Usage
		Usr 0 00:00:00, Sys 0 00:00:00  -  Total Local Usage
	0  -  Run Bytes Sent By Job
	0  -  Run Bytes Received By Job
	0  -  Total Bytes Sent By Job
	0  -  Total Bytes Received By Job
	Partitionable Resources :    Usage  Request Allocated
	   Cpus                 :                12        12
	   Disk (KB)            :        4        4    610181
	   Memory (MB)          :        0        1         1
...
000 (7081739.000.000) 04/12 21:59:37 Job submitted from host: <172.21.0.15:37501?addrs=172.21.0.15-37501>
...
001 (7081739.000.000) 04/12 21:59:48 Job executing on host: <172.20.1.27:53487?addrs=172.20.1.27-53487>
...
006 (7081739.000.000) 04/12 21:59:53 Image size of job updated: 595588
	0  -  MemoryUsage of job (MB)
	0  -  ResidentSetSize of job (KB)
...
005 (7081739.000.000) 04/12 21:59:53 Job terminated.
	(1) Normal termination (return value 1)
		Usr 0 00:00:00, Sys 0 00:00:00  -  Run Remote Usage
		Usr 0 00:00:00, Sys 0 00:00:00  -  Run Local Usage
		Usr 0 00:00:00, Sys 0 00:00:00  -  Total Remote Usage
		Usr 0 00:00:00, Sys 0 00:00:00  -  Total Local Usage
	0  -  Run Bytes Sent By Job
	0  -  Run Bytes Received By Job
	0  -  Total Bytes Sent By Job
	0  -  Total Bytes Received By Job
	Partitionable Resources :    Usage  Request Allocated
	   Cpus                 :                 1         1
	   Disk (KB)            :        3        3    610166
	   Memory (MB)          :        0        1         1
...
000 (7081740.000.000) 04/12 22:01:57 Job submitted from host: <172.21.0.15:37501?addrs=172.21.0.15-37501>
...
001 (7081740.000.000) 04/12 22:02:09 Job executing on host: <172.20.1.27:53487?addrs=172.20.1.27-53487>
...
006 (7081740.000.000) 04/12 22:02:13 Image size of job updated: 3
	0  -  MemoryUsage of job (MB)
	0  -  ResidentSetSize of job (KB)
...
005 (7081740.000.000) 04/12 22:02:13 Job terminated.
	(1) Normal termination (return value 1)
		Usr 0 00:00:00, Sys 0 00:00:00  -  Run Remote Usage
		Usr 0 00:00:00, Sys 0 00:00:00  -  Run Local Usage
		Usr 0 00:00:00, Sys 0 00:00:00  -  Total Remote Usage
		Usr 0 00:00:00, Sys 0 00:00:00  -  Total Local Usage
	0  -  Run Bytes Sent By Job
	0  -  Run Bytes Received By Job
	0  -  Total Bytes Sent By Job
	0  -  Total Bytes Received By Job
	Partitionable Resources :    Usage  Request Allocated
	   Cpus                 :                 1         1
	   Disk (KB)            :        3        3    610167
	   Memory (MB)          :        0        1         1
...
000 (7081741.000.000) 04/12 22:07:42 Job submitted from host: <172.21.0.15:37501?addrs=172.21.0.15-37501>
...
001 (7081741.000.000) 04/12 22:07:43 Job executing on host: <172.20.1.27:53487?addrs=172.20.1.27-53487>
...
006 (7081741.000.000) 04/12 22:07:47 Image size of job updated: 3
	0  -  MemoryUsage of job (MB)
	0  -  ResidentSetSize of job (KB)
...
005 (7081741.000.000) 04/12 22:07:47 Job terminated.
	(1) Normal termination (return value 1)
		Usr 0 00:00:00, Sys 0 00:00:00  -  Run Remote Usage
		Usr 0 00:00:00, Sys 0 00:00:00  -  Run Local Usage
		Usr 0 00:00:00, Sys 0 00:00:00  -  Total Remote Usage
		Usr 0 00:00:00, Sys 0 00:00:00  -  Total Local Usage
	0  -  Run Bytes Sent By Job
	0  -  Run Bytes Received By Job
	0  -  Total Bytes Sent By Job
	0  -  Total Bytes Received By Job
	Partitionable Resources :    Usage  Request Allocated
	   Cpus                 :                 1         1
	   Disk (KB)            :        3        3    610172
	   Memory (MB)          :        0        1         1
...
000 (7081826.000.000) 04/13 19:48:47 Job submitted from host: <172.21.0.15:37501?addrs=172.21.0.15-37501>
...
001 (7081826.000.000) 04/13 19:49:00 Job executing on host: <172.20.1.27:53487?addrs=172.20.1.27-53487>
...
006 (7081826.000.000) 04/13 19:49:02 Image size of job updated: 3
	0  -  MemoryUsage of job (MB)
	0  -  ResidentSetSize of job (KB)
...
005 (7081826.000.000) 04/13 19:49:03 Job terminated.
	(1) Normal termination (return value 1)
		Usr 0 00:00:00, Sys 0 00:00:00  -  Run Remote Usage
		Usr 0 00:00:00, Sys 0 00:00:00  -  Run Local Usage
		Usr 0 00:00:00, Sys 0 00:00:00  -  Total Remote Usage
		Usr 0 00:00:00, Sys 0 00:00:00  -  Total Local Usage
	181  -  Run Bytes Sent By Job
	2763  -  Run Bytes Received By Job
	181  -  Total Bytes Sent By Job
	2763  -  Total Bytes Received By Job
	Partitionable Resources :    Usage  Request Allocated
	   Cpus                 :                12        12
	   Disk (KB)            :       24        3    610166
	   Memory (MB)          :        0        1         1
...
000 (7081886.000.000) 04/13 20:54:40 Job submitted from host: <172.21.0.15:37501?addrs=172.21.0.15-37501>
...
001 (7081886.000.000) 04/13 20:54:59 Job executing on host: <172.20.1.5:53133?addrs=172.20.1.5-53133>
...
006 (7081886.000.000) 04/13 20:55:07 Image size of job updated: 17548
	2  -  MemoryUsage of job (MB)
	2016  -  ResidentSetSize of job (KB)
...
005 (7081886.000.000) 04/13 20:55:15 Job terminated.
	(1) Normal termination (return value 1)
		Usr 0 00:00:00, Sys 0 00:00:00  -  Run Remote Usage
		Usr 0 00:00:00, Sys 0 00:00:00  -  Run Local Usage
		Usr 0 00:00:00, Sys 0 00:00:00  -  Total Remote Usage
		Usr 0 00:00:00, Sys 0 00:00:00  -  Total Local Usage
	180  -  Run Bytes Sent By Job
	2826  -  Run Bytes Received By Job
	180  -  Total Bytes Sent By Job
	2826  -  Total Bytes Received By Job
	Partitionable Resources :    Usage  Request Allocated
	   Cpus                 :                12        12
	   Disk (KB)            :       24        3    610190
	   Memory (MB)          :        2        1         1
...
000 (7081887.000.000) 04/13 20:56:37 Job submitted from host: <172.21.0.15:37501?addrs=172.21.0.15-37501>
...
001 (7081887.000.000) 04/13 20:56:40 Job executing on host: <172.20.1.5:53133?addrs=172.20.1.5-53133>
...
006 (7081887.000.000) 04/13 20:56:49 Image size of job updated: 621512
	17  -  MemoryUsage of job (MB)
	17368  -  ResidentSetSize of job (KB)
...
006 (7081887.000.000) 04/13 20:58:23 Image size of job updated: 1627388
	17  -  MemoryUsage of job (MB)
	17368  -  ResidentSetSize of job (KB)
...
005 (7081887.000.000) 04/13 20:58:24 Job terminated.
	(1) Normal termination (return value 1)
		Usr 0 00:00:01, Sys 0 00:00:01  -  Run Remote Usage
		Usr 0 00:00:00, Sys 0 00:00:00  -  Run Local Usage
		Usr 0 00:00:01, Sys 0 00:00:01  -  Total Remote Usage
		Usr 0 00:00:00, Sys 0 00:00:00  -  Total Local Usage
	1421  -  Run Bytes Sent By Job
	2826  -  Run Bytes Received By Job
	1421  -  Total Bytes Sent By Job
	2826  -  Total Bytes Received By Job
	Partitionable Resources :    Usage  Request Allocated
	   Cpus                 :                12        12
	   Disk (KB)            :      462        3    610189
	   Memory (MB)          :       17        1         1
...
000 (7081890.000.000) 04/13 21:02:31 Job submitted from host: <172.21.0.15:37501?addrs=172.21.0.15-37501>
...
001 (7081890.000.000) 04/13 21:02:56 Job executing on host: <172.20.1.5:53133?addrs=172.20.1.5-53133>
...
006 (7081890.000.000) 04/13 21:03:05 Image size of job updated: 1061984
	92  -  MemoryUsage of job (MB)
	93932  -  ResidentSetSize of job (KB)
...
006 (7081890.000.000) 04/13 21:03:26 Image size of job updated: 1128304
	92  -  MemoryUsage of job (MB)
	93932  -  ResidentSetSize of job (KB)
...
005 (7081890.000.000) 04/13 21:03:45 Job terminated.
	(1) Normal termination (return value 0)
		Usr 0 00:00:28, Sys 0 00:00:05  -  Run Remote Usage
		Usr 0 00:00:00, Sys 0 00:00:00  -  Run Local Usage
		Usr 0 00:00:28, Sys 0 00:00:05  -  Total Remote Usage
		Usr 0 00:00:00, Sys 0 00:00:00  -  Total Local Usage
	217  -  Run Bytes Sent By Job
	2861  -  Run Bytes Received By Job
	217  -  Total Bytes Sent By Job
	2861  -  Total Bytes Received By Job
	Partitionable Resources :    Usage  Request Allocated
	   Cpus                 :                12        12
	   Disk (KB)            :      461        3    610189
	   Memory (MB)          :       92        1         1
...
000 (7081916.000.000) 04/13 22:27:10 Job submitted from host: <172.21.0.15:37501?addrs=172.21.0.15-37501>
...
001 (7081916.000.000) 04/13 22:27:16 Job executing on host: <172.20.1.48:50717?addrs=172.20.1.48-50717>
...
006 (7081916.000.000) 04/13 22:27:24 Image size of job updated: 3
	4  -  MemoryUsage of job (MB)
	3512  -  ResidentSetSize of job (KB)
...
006 (7081916.000.000) 04/13 22:29:26 Image size of job updated: 1590236
	4  -  MemoryUsage of job (MB)
	3512  -  ResidentSetSize of job (KB)
...
005 (7081916.000.000) 04/13 22:29:27 Job terminated.
	(1) Normal termination (return value 0)
		Usr 0 00:00:17, Sys 0 00:00:06  -  Run Remote Usage
		Usr 0 00:00:00, Sys 0 00:00:00  -  Run Local Usage
		Usr 0 00:00:17, Sys 0 00:00:06  -  Total Remote Usage
		Usr 0 00:00:00, Sys 0 00:00:00  -  Total Local Usage
	144  -  Run Bytes Sent By Job
	3006  -  Run Bytes Received By Job
	144  -  Total Bytes Sent By Job
	3006  -  Total Bytes Received By Job
	Partitionable Resources :    Usage  Request Allocated
	   Cpus                 :                12        12
	   Disk (KB)            :      461        3    610185
	   Memory (MB)          :        4        1         1
...
000 (7082110.000.000) 04/15 10:31:05 Job submitted from host: <172.21.0.15:37501?addrs=172.21.0.15-37501>
...
001 (7082110.000.000) 04/15 10:31:15 Job executing on host: <172.20.1.19:37809?addrs=172.20.1.19-37809>
...
006 (7082110.000.000) 04/15 10:31:23 Image size of job updated: 3
	4  -  MemoryUsage of job (MB)
	3508  -  ResidentSetSize of job (KB)
...
006 (7082110.000.000) 04/15 10:31:35 Image size of job updated: 980004
	4  -  MemoryUsage of job (MB)
	3508  -  ResidentSetSize of job (KB)
...
005 (7082110.000.000) 04/15 10:31:36 Job terminated.
	(1) Normal termination (return value 1)
		Usr 0 00:00:00, Sys 0 00:00:01  -  Run Remote Usage
		Usr 0 00:00:00, Sys 0 00:00:00  -  Run Local Usage
		Usr 0 00:00:00, Sys 0 00:00:01  -  Total Remote Usage
		Usr 0 00:00:00, Sys 0 00:00:00  -  Total Local Usage
	1107  -  Run Bytes Sent By Job
	3051  -  Run Bytes Received By Job
	1107  -  Total Bytes Sent By Job
	3051  -  Total Bytes Received By Job
	Partitionable Resources :    Usage  Request Allocated
	   Cpus                 :                12        12
	   Disk (KB)            :      462        3    609962
	   Memory (MB)          :        4        1         1
...
000 (7082111.000.000) 04/15 11:35:26 Job submitted from host: <172.21.0.15:37501?addrs=172.21.0.15-37501>
...
001 (7082111.000.000) 04/15 11:35:37 Job executing on host: <172.20.1.42:57923?addrs=172.20.1.42-57923>
...
006 (7082111.000.000) 04/15 11:35:46 Image size of job updated: 3
	4  -  MemoryUsage of job (MB)
	3512  -  ResidentSetSize of job (KB)
...
006 (7082111.000.000) 04/15 11:36:11 Image size of job updated: 1160124
	4  -  MemoryUsage of job (MB)
	3512  -  ResidentSetSize of job (KB)
...
005 (7082111.000.000) 04/15 11:36:12 Job terminated.
	(1) Normal termination (return value 0)
		Usr 0 00:00:39, Sys 0 00:00:06  -  Run Remote Usage
		Usr 0 00:00:00, Sys 0 00:00:00  -  Run Local Usage
		Usr 0 00:00:39, Sys 0 00:00:06  -  Total Remote Usage
		Usr 0 00:00:00, Sys 0 00:00:00  -  Total Local Usage
	142  -  Run Bytes Sent By Job
	3049  -  Run Bytes Received By Job
	142  -  Total Bytes Sent By Job
	3049  -  Total Bytes Received By Job
	Partitionable Resources :    Usage  Request Allocated
	   Cpus                 :                12        12
	   Disk (KB)            :      461        3    609955
	   Memory (MB)          :        4        1         1
...
000 (7087233.000.000) 04/21 09:36:57 Job submitted from host: <172.21.0.15:36820?addrs=172.21.0.15-36820>
...
001 (7087233.000.000) 04/21 09:37:07 Job executing on host: <172.20.1.27:38904?addrs=172.20.1.27-38904>
...
006 (7087233.000.000) 04/21 09:37:08 Image size of job updated: 3
	0  -  MemoryUsage of job (MB)
	0  -  ResidentSetSize of job (KB)
...
005 (7087233.000.000) 04/21 09:37:09 Job terminated.
	(1) Normal termination (return value 1)
		Usr 0 00:00:00, Sys 0 00:00:00  -  Run Remote Usage
		Usr 0 00:00:00, Sys 0 00:00:00  -  Run Local Usage
		Usr 0 00:00:00, Sys 0 00:00:00  -  Total Remote Usage
		Usr 0 00:00:00, Sys 0 00:00:00  -  Total Local Usage
	181  -  Run Bytes Sent By Job
	3062  -  Run Bytes Received By Job
	181  -  Total Bytes Sent By Job
	3062  -  Total Bytes Received By Job
	Partitionable Resources :    Usage  Request Allocated
	   Cpus                 :                12        12
	   Disk (KB)            :       24        3    609715
	   Memory (MB)          :        0        1         1
...
000 (7087294.000.000) 04/21 10:05:40 Job submitted from host: <172.21.0.15:36820?addrs=172.21.0.15-36820>
...
001 (7087294.000.000) 04/21 10:05:45 Job executing on host: <172.20.1.27:38904?addrs=172.20.1.27-38904>
...
006 (7087294.000.000) 04/21 10:05:45 Image size of job updated: 3
	0  -  MemoryUsage of job (MB)
	0  -  ResidentSetSize of job (KB)
...
005 (7087294.000.000) 04/21 10:05:46 Job terminated.
	(1) Normal termination (return value 1)
		Usr 0 00:00:00, Sys 0 00:00:00  -  Run Remote Usage
		Usr 0 00:00:00, Sys 0 00:00:00  -  Run Local Usage
		Usr 0 00:00:00, Sys 0 00:00:00  -  Total Remote Usage
		Usr 0 00:00:00, Sys 0 00:00:00  -  Total Local Usage
	181  -  Run Bytes Sent By Job
	3062  -  Run Bytes Received By Job
	181  -  Total Bytes Sent By Job
	3062  -  Total Bytes Received By Job
	Partitionable Resources :    Usage  Request Allocated
	   Cpus                 :                12        12
	   Disk (KB)            :       24        3    609714
	   Memory (MB)          :        0        1         1
...
000 (7095708.000.000) 04/29 12:59:40 Job submitted from host: <172.21.0.15:36820?addrs=172.21.0.15-36820>
...
001 (7095708.000.000) 04/29 13:00:02 Job executing on host: <172.20.1.56:57887?addrs=172.20.1.56-57887>
...
006 (7095708.000.000) 04/29 13:00:04 Image size of job updated: 4
	0  -  MemoryUsage of job (MB)
	0  -  ResidentSetSize of job (KB)
...
005 (7095708.000.000) 04/29 13:00:05 Job terminated.
	(1) Normal termination (return value 1)
		Usr 0 00:00:00, Sys 0 00:00:00  -  Run Remote Usage
		Usr 0 00:00:00, Sys 0 00:00:00  -  Run Local Usage
		Usr 0 00:00:00, Sys 0 00:00:00  -  Total Remote Usage
		Usr 0 00:00:00, Sys 0 00:00:00  -  Total Local Usage
	175  -  Run Bytes Sent By Job
	3124  -  Run Bytes Received By Job
	175  -  Total Bytes Sent By Job
	3124  -  Total Bytes Received By Job
	Partitionable Resources :    Usage  Request Allocated
	   Cpus                 :                12        12
	   Disk (KB)            :       24        4    610145
	   Memory (MB)          :        0        1         1
...
000 (7095709.000.000) 04/29 13:37:04 Job submitted from host: <172.21.0.15:36820?addrs=172.21.0.15-36820>
...
001 (7095709.000.000) 04/29 13:37:10 Job executing on host: <172.20.1.56:57887?addrs=172.20.1.56-57887>
...
006 (7095709.000.000) 04/29 13:37:19 Image size of job updated: 100920
	1  -  MemoryUsage of job (MB)
	604  -  ResidentSetSize of job (KB)
...
005 (7095709.000.000) 04/29 13:37:23 Job terminated.
	(1) Normal termination (return value 1)
		Usr 0 00:00:00, Sys 0 00:00:00  -  Run Remote Usage
		Usr 0 00:00:00, Sys 0 00:00:00  -  Run Local Usage
		Usr 0 00:00:00, Sys 0 00:00:00  -  Total Remote Usage
		Usr 0 00:00:00, Sys 0 00:00:00  -  Total Local Usage
	180  -  Run Bytes Sent By Job
	3126  -  Run Bytes Received By Job
	180  -  Total Bytes Sent By Job
	3126  -  Total Bytes Received By Job
	Partitionable Resources :    Usage  Request Allocated
	   Cpus                 :                12        12
	   Disk (KB)            :       24        4    610151
	   Memory (MB)          :        1        1         1
...
000 (7095710.000.000) 04/29 14:16:28 Job submitted from host: <172.21.0.15:36820?addrs=172.21.0.15-36820>
...
001 (7095710.000.000) 04/29 14:16:43 Job executing on host: <172.20.1.56:57887?addrs=172.20.1.56-57887>
...
006 (7095710.000.000) 04/29 14:16:52 Image size of job updated: 605084
	14  -  MemoryUsage of job (MB)
	13744  -  ResidentSetSize of job (KB)
...
006 (7095710.000.000) 04/29 14:17:39 Image size of job updated: 1160136
	14  -  MemoryUsage of job (MB)
	13744  -  ResidentSetSize of job (KB)
...
005 (7095710.000.000) 04/29 14:17:40 Job terminated.
	(1) Normal termination (return value 0)
		Usr 0 00:00:39, Sys 0 00:00:06  -  Run Remote Usage
		Usr 0 00:00:00, Sys 0 00:00:00  -  Run Local Usage
		Usr 0 00:00:39, Sys 0 00:00:06  -  Total Remote Usage
		Usr 0 00:00:00, Sys 0 00:00:00  -  Total Local Usage
	143  -  Run Bytes Sent By Job
	3126  -  Run Bytes Received By Job
	143  -  Total Bytes Sent By Job
	3126  -  Total Bytes Received By Job
	Partitionable Resources :    Usage  Request Allocated
	   Cpus                 :                12        12
	   Disk (KB)            :      461        4    610146
	   Memory (MB)          :       14        1         1
...
